// Jest Snapshot v1, https://goo.gl/fbAQLP

exports[`AppointmentsUpComingList test cases should render correctly 1`] = `
<DocumentFragment>
  <div
    class="flex flex-col relative overflow-hidden text-foreground box-border outline-none data-[focus-visible=true]:z-10 data-[focus-visible=true]:outline-2 data-[focus-visible=true]:outline-focus data-[focus-visible=true]:outline-offset-2 shadow-medium rounded-large transition-transform-background motion-reduce:transition-none w-full lg:max-w-[320px] 2xl:max-w-[550px] h-fit p-4 pl-5 bg-background-200"
    tabindex="-1"
  >
    <div
      class="flex justify-between items-center"
    >
      <p
        class="text-ellipsis whitespace-nowrap overflow-hidden text-lg font-bold text-primary-100"
      >
        Appointments
      </p>
      <div>
        <div
          class="group flex flex-col w-full transition-background motion-reduce:transition-none !duration-150 group relative justify-end data-[has-label=true]:mt-[calc(theme(fontSize.small)_+_10px)] max-w-[102px] max-h-[36px]"
          data-filled="true"
          data-has-value="true"
          data-slot="base"
        >
          <div
            aria-hidden="true"
            data-a11y-ignore="aria-hidden-focus"
            data-testid="hidden-select-container"
            style="border: 0px; clip-path: inset(50%); height: 1px; margin: -1px; overflow: hidden; padding: 0px; position: absolute; width: 1px; white-space: nowrap;"
          >
            <input
              style="font-size: 16px;"
              tabindex="-1"
              type="text"
              value="new"
            />
            <label>
              <select
                size="3"
                tabindex="-1"
                title=""
              >
                <option />
                <option
                  value="new"
                >
                  New
                </option>
                <option
                  value="meeting"
                >
                  Meeting
                </option>
                <option
                  value="canceled"
                >
                  Canceled
                </option>
              </select>
            </label>
          </div>
          <div
            class="w-full flex flex-col max-w-[102px] max-h-[36px]"
            data-slot="mainWrapper"
          >
            <button
              aria-expanded="false"
              aria-haspopup="listbox"
              aria-label="appointment status"
              aria-labelledby="react-aria-:r7: react-aria-:r2:"
              class="relative gap-3 w-full inline-flex flex-row items-center shadow-sm tap-highlight-transparent group-data-[focus=true]:bg-default-100 outline-none data-[focus-visible=true]:z-10 data-[focus-visible=true]:outline-2 data-[focus-visible=true]:outline-focus data-[focus-visible=true]:outline-offset-2 px-2.5 py-2 h-[46px] rounded-medium bg-background-100 shadow-stack border-1 outline-offset-0 data-[focus=true]:border-green data-[focus=true]:border-1 data-[focus=true]:bg-background-100 data-[hover=true]:bg-background-100 group-data-[invalid=true]:border-red min-h-[36px]"
              data-slot="trigger"
              id="react-aria-:r2:"
              type="button"
            >
              <div
                class="inline-flex h-full min-h-4 items-center gap-1.5 box-border text-xs leading-[18px] w-[80px]"
                data-slot="innerWrapper"
              >
                <span
                  class="w-full text-left rtl:text-right truncate group-data-[has-value=true]:text-default-foreground text-xs text-primary-100 font-medium"
                  data-slot="value"
                  id="react-aria-:r7:"
                >
                  New
                </span>
              </div>
              <svg
                aria-hidden="true"
                class="absolute end-3 w-4 h-4 transition-transform duration-150 ease motion-reduce:transition-none data-[open=true]:rotate-180 text-primary-100"
                data-slot="selectorIcon"
                fill="none"
                focusable="false"
                height="1em"
                role="presentation"
                stroke="currentColor"
                stroke-linecap="round"
                stroke-linejoin="round"
                stroke-width="1.5"
                viewBox="0 0 24 24"
                width="1em"
              >
                <path
                  d="m6 9 6 6 6-6"
                />
              </svg>
            </button>
          </div>
        </div>
      </div>
    </div>
    <div
      class="flex flex-col relative gap-4 w-full"
    >
      <div
        class="z-0 flex flex-col relative justify-between gap-4 overflow-auto rounded-large w-full bg-transparent-200 shadow-none p-0 pt-4"
      >
        <table
          aria-describedby=""
          aria-label="Table"
          class="min-w-full h-auto table-auto w-full"
          id="table"
          role="grid"
          tabindex="0"
        >
          <thead
            class="[&>tr]:first:rounded-lg hidden"
            role="rowgroup"
          >
            <tr
              class="group outline-none data-[focus-visible=true]:z-10 data-[focus-visible=true]:outline-2 data-[focus-visible=true]:outline-focus data-[focus-visible=true]:outline-offset-2"
              role="row"
            >
              <th
                class="group px-3 h-10 align-middle bg-default-100 whitespace-nowrap text-foreground-500 text-tiny font-semibold first:rounded-s-lg last:rounded-e-lg data-[sortable=true]:cursor-pointer data-[hover=true]:text-foreground-400 outline-none data-[focus-visible=true]:z-10 data-[focus-visible=true]:outline-2 data-[focus-visible=true]:outline-focus data-[focus-visible=true]:outline-offset-2 text-start"
                data-key="startTime"
                id="table-startTime"
                role="columnheader"
                tabindex="-1"
              >
                Start time
              </th>
              <th
                class="group px-3 h-10 align-middle bg-default-100 whitespace-nowrap text-foreground-500 text-tiny font-semibold first:rounded-s-lg last:rounded-e-lg data-[sortable=true]:cursor-pointer data-[hover=true]:text-foreground-400 outline-none data-[focus-visible=true]:z-10 data-[focus-visible=true]:outline-2 data-[focus-visible=true]:outline-focus data-[focus-visible=true]:outline-offset-2 text-start"
                data-key="receiverId"
                id="table-receiverId"
                role="columnheader"
                tabindex="-1"
              >
                Receiver
              </th>
              <th
                class="group px-3 h-10 align-middle bg-default-100 whitespace-nowrap text-foreground-500 text-tiny font-semibold first:rounded-s-lg last:rounded-e-lg data-[sortable=true]:cursor-pointer data-[hover=true]:text-foreground-400 outline-none data-[focus-visible=true]:z-10 data-[focus-visible=true]:outline-2 data-[focus-visible=true]:outline-focus data-[focus-visible=true]:outline-offset-2 text-start"
                data-key="durationTime"
                id="table-durationTime"
                role="columnheader"
                tabindex="-1"
              >
                Duration time
              </th>
              <th
                class="group px-3 h-10 align-middle bg-default-100 whitespace-nowrap text-foreground-500 text-tiny font-semibold first:rounded-s-lg last:rounded-e-lg data-[sortable=true]:cursor-pointer data-[hover=true]:text-foreground-400 outline-none data-[focus-visible=true]:z-10 data-[focus-visible=true]:outline-2 data-[focus-visible=true]:outline-focus data-[focus-visible=true]:outline-offset-2 text-start"
                data-key="actions"
                id="table-actions"
                role="columnheader"
                tabindex="-1"
              >
                Actions
              </th>
            </tr>
            <tr
              aria-hidden="true"
              class="w-px h-px block"
              style="margin-left: 0.25rem; margin-top: 0.25rem;"
              tabindex="-1"
            />
          </thead>
          <tbody
            role="rowgroup"
          >
            <tr
              aria-labelledby="table-1-startTime"
              class="group outline-none data-[focus-visible=true]:z-10 data-[focus-visible=true]:outline-2 data-[focus-visible=true]:outline-focus data-[focus-visible=true]:outline-offset-2"
              data-first="true"
              data-key="1"
              role="row"
              tabindex="-1"
            >
              <td
                class="relative align-middle whitespace-normal text-small font-normal [&>*]:z-1 [&>*]:relative outline-none data-[focus-visible=true]:z-10 data-[focus-visible=true]:outline-2 data-[focus-visible=true]:outline-focus data-[focus-visible=true]:outline-offset-2 before:content-[''] before:absolute before:z-0 before:inset-0 before:opacity-0 data-[selected=true]:before:opacity-100 group-data-[disabled=true]:text-foreground-300 group-data-[disabled=true]:cursor-not-allowed before:bg-default/60 data-[selected=true]:text-default-foreground first:before:rounded-s-lg last:before:rounded-e-lg text-start p-0 pb-4"
                data-key="table-row-cell-startTime"
                id="table-1-startTime"
                role="rowheader"
                tabindex="-1"
              >
                <div
                  class="rounded-md w-[30px] md:w-[37px] h-10 bg-background-100 text-center pt-1"
                >
                  <p
                    class="text-ellipsis whitespace-nowrap overflow-hidden text-xs text-yellow font-bold"
                  >
                    Wed
                  </p>
                  <p
                    class="text-primary-100 font-medium text-ellipsis whitespace-nowrap overflow-hidden text-xs"
                  >
                    11
                  </p>
                </div>
              </td>
              <td
                class="relative align-middle whitespace-normal text-small font-normal [&>*]:z-1 [&>*]:relative outline-none data-[focus-visible=true]:z-10 data-[focus-visible=true]:outline-2 data-[focus-visible=true]:outline-focus data-[focus-visible=true]:outline-offset-2 before:content-[''] before:absolute before:z-0 before:inset-0 before:opacity-0 data-[selected=true]:before:opacity-100 group-data-[disabled=true]:text-foreground-300 group-data-[disabled=true]:cursor-not-allowed before:bg-default/60 data-[selected=true]:text-default-foreground first:before:rounded-s-lg last:before:rounded-e-lg text-start p-0 pb-4"
                data-key="table-row-cell-receiverId"
                role="gridcell"
                tabindex="-1"
              >
                <p
                  class="text-primary-100 font-medium text-ellipsis whitespace-nowrap overflow-hidden text-xs md:text-sm"
                >
                  Jessica Jane
                </p>
                <p
                  class="text-xs text-ellipsis whitespace-nowrap overflow-hidden text-primary-300 font-light hidden lg:block"
                >
                  1:30 PM to 3:00 PM
                </p>
              </td>
              <td
                class="relative align-middle whitespace-normal text-small font-normal [&>*]:z-1 [&>*]:relative outline-none data-[focus-visible=true]:z-10 data-[focus-visible=true]:outline-2 data-[focus-visible=true]:outline-focus data-[focus-visible=true]:outline-offset-2 before:content-[''] before:absolute before:z-0 before:inset-0 before:opacity-0 data-[selected=true]:before:opacity-100 group-data-[disabled=true]:text-foreground-300 group-data-[disabled=true]:cursor-not-allowed before:bg-default/60 data-[selected=true]:text-default-foreground first:before:rounded-s-lg last:before:rounded-e-lg text-start p-0 pb-4"
                data-key="table-row-cell-durationTime"
                role="gridcell"
                tabindex="-1"
              >
                <p
                  class="text-xs text-ellipsis whitespace-nowrap overflow-hidden text-primary-300 font-light lg:hidden"
                >
                  1:30 PM to 3:00 PM
                </p>
              </td>
              <td
                class="relative align-middle whitespace-normal text-small font-normal [&>*]:z-1 [&>*]:relative outline-none data-[focus-visible=true]:z-10 data-[focus-visible=true]:outline-2 data-[focus-visible=true]:outline-focus data-[focus-visible=true]:outline-offset-2 before:content-[''] before:absolute before:z-0 before:inset-0 before:opacity-0 data-[selected=true]:before:opacity-100 group-data-[disabled=true]:text-foreground-300 group-data-[disabled=true]:cursor-not-allowed before:bg-default/60 data-[selected=true]:text-default-foreground first:before:rounded-s-lg last:before:rounded-e-lg text-start p-0 pb-4"
                data-key="table-row-cell-actions"
                role="gridcell"
                tabindex="-1"
              >
                <div
                  class="flex justify-end"
                >
                  <button
                    aria-label="actions"
                    class="z-0 group relative inline-flex items-center justify-center box-border appearance-none select-none whitespace-nowrap subpixel-antialiased overflow-hidden tap-highlight-transparent data-[pressed=true]:scale-[0.97] outline-none data-[focus-visible=true]:z-10 data-[focus-visible=true]:outline-2 data-[focus-visible=true]:outline-focus data-[focus-visible=true]:outline-offset-2 text-small gap-2 [&>svg]:max-w-[theme(spacing.8)] transition-transform-colors-opacity motion-reduce:transition-none data-[hover=true]:opacity-hover border-transparent font-semibold text-primary-200 p-0 min-w-4 h-4 md:h-[26px] md:min-w-[26px] bg-background-100 rounded-md"
                    type="button"
                  >
                    1
                  </button>
                </div>
              </td>
            </tr>
            <tr
              aria-labelledby="table-2-startTime"
              class="group outline-none data-[focus-visible=true]:z-10 data-[focus-visible=true]:outline-2 data-[focus-visible=true]:outline-focus data-[focus-visible=true]:outline-offset-2"
              data-key="2"
              data-middle="true"
              data-odd="true"
              role="row"
              tabindex="-1"
            >
              <td
                class="relative align-middle whitespace-normal text-small font-normal [&>*]:z-1 [&>*]:relative outline-none data-[focus-visible=true]:z-10 data-[focus-visible=true]:outline-2 data-[focus-visible=true]:outline-focus data-[focus-visible=true]:outline-offset-2 before:content-[''] before:absolute before:z-0 before:inset-0 before:opacity-0 data-[selected=true]:before:opacity-100 group-data-[disabled=true]:text-foreground-300 group-data-[disabled=true]:cursor-not-allowed before:bg-default/60 data-[selected=true]:text-default-foreground first:before:rounded-s-lg last:before:rounded-e-lg text-start p-0 pb-4"
                data-key="table-row-cell-startTime"
                id="table-2-startTime"
                role="rowheader"
                tabindex="-1"
              >
                <div
                  class="rounded-md w-[30px] md:w-[37px] h-10 bg-background-100 text-center pt-1"
                >
                  <p
                    class="text-ellipsis whitespace-nowrap overflow-hidden text-xs text-yellow font-bold"
                  >
                    Thu
                  </p>
                  <p
                    class="text-primary-100 font-medium text-ellipsis whitespace-nowrap overflow-hidden text-xs"
                  >
                    12
                  </p>
                </div>
              </td>
              <td
                class="relative align-middle whitespace-normal text-small font-normal [&>*]:z-1 [&>*]:relative outline-none data-[focus-visible=true]:z-10 data-[focus-visible=true]:outline-2 data-[focus-visible=true]:outline-focus data-[focus-visible=true]:outline-offset-2 before:content-[''] before:absolute before:z-0 before:inset-0 before:opacity-0 data-[selected=true]:before:opacity-100 group-data-[disabled=true]:text-foreground-300 group-data-[disabled=true]:cursor-not-allowed before:bg-default/60 data-[selected=true]:text-default-foreground first:before:rounded-s-lg last:before:rounded-e-lg text-start p-0 pb-4"
                data-key="table-row-cell-receiverId"
                role="gridcell"
                tabindex="-1"
              >
                <p
                  class="text-primary-100 font-medium text-ellipsis whitespace-nowrap overflow-hidden text-xs md:text-sm"
                >
                  ThangHq
                </p>
                <p
                  class="text-xs text-ellipsis whitespace-nowrap overflow-hidden text-primary-300 font-light hidden lg:block"
                >
                  9:00 AM to 10:00 AM
                </p>
              </td>
              <td
                class="relative align-middle whitespace-normal text-small font-normal [&>*]:z-1 [&>*]:relative outline-none data-[focus-visible=true]:z-10 data-[focus-visible=true]:outline-2 data-[focus-visible=true]:outline-focus data-[focus-visible=true]:outline-offset-2 before:content-[''] before:absolute before:z-0 before:inset-0 before:opacity-0 data-[selected=true]:before:opacity-100 group-data-[disabled=true]:text-foreground-300 group-data-[disabled=true]:cursor-not-allowed before:bg-default/60 data-[selected=true]:text-default-foreground first:before:rounded-s-lg last:before:rounded-e-lg text-start p-0 pb-4"
                data-key="table-row-cell-durationTime"
                role="gridcell"
                tabindex="-1"
              >
                <p
                  class="text-xs text-ellipsis whitespace-nowrap overflow-hidden text-primary-300 font-light lg:hidden"
                >
                  9:00 AM to 10:00 AM
                </p>
              </td>
              <td
                class="relative align-middle whitespace-normal text-small font-normal [&>*]:z-1 [&>*]:relative outline-none data-[focus-visible=true]:z-10 data-[focus-visible=true]:outline-2 data-[focus-visible=true]:outline-focus data-[focus-visible=true]:outline-offset-2 before:content-[''] before:absolute before:z-0 before:inset-0 before:opacity-0 data-[selected=true]:before:opacity-100 group-data-[disabled=true]:text-foreground-300 group-data-[disabled=true]:cursor-not-allowed before:bg-default/60 data-[selected=true]:text-default-foreground first:before:rounded-s-lg last:before:rounded-e-lg text-start p-0 pb-4"
                data-key="table-row-cell-actions"
                role="gridcell"
                tabindex="-1"
              >
                <div
                  class="flex justify-end"
                >
                  <button
                    aria-label="actions"
                    class="z-0 group relative inline-flex items-center justify-center box-border appearance-none select-none whitespace-nowrap subpixel-antialiased overflow-hidden tap-highlight-transparent data-[pressed=true]:scale-[0.97] outline-none data-[focus-visible=true]:z-10 data-[focus-visible=true]:outline-2 data-[focus-visible=true]:outline-focus data-[focus-visible=true]:outline-offset-2 text-small gap-2 [&>svg]:max-w-[theme(spacing.8)] transition-transform-colors-opacity motion-reduce:transition-none data-[hover=true]:opacity-hover border-transparent font-semibold text-primary-200 p-0 min-w-4 h-4 md:h-[26px] md:min-w-[26px] bg-background-100 rounded-md"
                    type="button"
                  >
                    2
                  </button>
                </div>
              </td>
            </tr>
            <tr
              aria-labelledby="table-3-startTime"
              class="group outline-none data-[focus-visible=true]:z-10 data-[focus-visible=true]:outline-2 data-[focus-visible=true]:outline-focus data-[focus-visible=true]:outline-offset-2"
              data-key="3"
              data-last="true"
              role="row"
              tabindex="-1"
            >
              <td
                class="relative align-middle whitespace-normal text-small font-normal [&>*]:z-1 [&>*]:relative outline-none data-[focus-visible=true]:z-10 data-[focus-visible=true]:outline-2 data-[focus-visible=true]:outline-focus data-[focus-visible=true]:outline-offset-2 before:content-[''] before:absolute before:z-0 before:inset-0 before:opacity-0 data-[selected=true]:before:opacity-100 group-data-[disabled=true]:text-foreground-300 group-data-[disabled=true]:cursor-not-allowed before:bg-default/60 data-[selected=true]:text-default-foreground first:before:rounded-s-lg last:before:rounded-e-lg text-start p-0"
                data-key="table-row-cell-startTime"
                id="table-3-startTime"
                role="rowheader"
                tabindex="-1"
              >
                <div
                  class="rounded-md w-[30px] md:w-[37px] h-10 bg-background-100 text-center pt-1"
                >
                  <p
                    class="text-ellipsis whitespace-nowrap overflow-hidden text-xs text-yellow font-bold"
                  >
                    Fri
                  </p>
                  <p
                    class="text-primary-100 font-medium text-ellipsis whitespace-nowrap overflow-hidden text-xs"
                  >
                    13
                  </p>
                </div>
              </td>
              <td
                class="relative align-middle whitespace-normal text-small font-normal [&>*]:z-1 [&>*]:relative outline-none data-[focus-visible=true]:z-10 data-[focus-visible=true]:outline-2 data-[focus-visible=true]:outline-focus data-[focus-visible=true]:outline-offset-2 before:content-[''] before:absolute before:z-0 before:inset-0 before:opacity-0 data-[selected=true]:before:opacity-100 group-data-[disabled=true]:text-foreground-300 group-data-[disabled=true]:cursor-not-allowed before:bg-default/60 data-[selected=true]:text-default-foreground first:before:rounded-s-lg last:before:rounded-e-lg text-start p-0"
                data-key="table-row-cell-receiverId"
                role="gridcell"
                tabindex="-1"
              >
                <p
                  class="text-primary-100 font-medium text-ellipsis whitespace-nowrap overflow-hidden text-xs md:text-sm"
                >
                  Alex Stanton
                </p>
                <p
                  class="text-xs text-ellipsis whitespace-nowrap overflow-hidden text-primary-300 font-light hidden lg:block"
                >
                  10:00 AM to 11:00 AM
                </p>
              </td>
              <td
                class="relative align-middle whitespace-normal text-small font-normal [&>*]:z-1 [&>*]:relative outline-none data-[focus-visible=true]:z-10 data-[focus-visible=true]:outline-2 data-[focus-visible=true]:outline-focus data-[focus-visible=true]:outline-offset-2 before:content-[''] before:absolute before:z-0 before:inset-0 before:opacity-0 data-[selected=true]:before:opacity-100 group-data-[disabled=true]:text-foreground-300 group-data-[disabled=true]:cursor-not-allowed before:bg-default/60 data-[selected=true]:text-default-foreground first:before:rounded-s-lg last:before:rounded-e-lg text-start p-0"
                data-key="table-row-cell-durationTime"
                role="gridcell"
                tabindex="-1"
              >
                <p
                  class="text-xs text-ellipsis whitespace-nowrap overflow-hidden text-primary-300 font-light lg:hidden"
                >
                  10:00 AM to 11:00 AM
                </p>
              </td>
              <td
                class="relative align-middle whitespace-normal text-small font-normal [&>*]:z-1 [&>*]:relative outline-none data-[focus-visible=true]:z-10 data-[focus-visible=true]:outline-2 data-[focus-visible=true]:outline-focus data-[focus-visible=true]:outline-offset-2 before:content-[''] before:absolute before:z-0 before:inset-0 before:opacity-0 data-[selected=true]:before:opacity-100 group-data-[disabled=true]:text-foreground-300 group-data-[disabled=true]:cursor-not-allowed before:bg-default/60 data-[selected=true]:text-default-foreground first:before:rounded-s-lg last:before:rounded-e-lg text-start p-0"
                data-key="table-row-cell-actions"
                role="gridcell"
                tabindex="-1"
              >
                <div
                  class="flex justify-end"
                >
                  <button
                    aria-label="actions"
                    class="z-0 group relative inline-flex items-center justify-center box-border appearance-none select-none whitespace-nowrap subpixel-antialiased overflow-hidden tap-highlight-transparent data-[pressed=true]:scale-[0.97] outline-none data-[focus-visible=true]:z-10 data-[focus-visible=true]:outline-2 data-[focus-visible=true]:outline-focus data-[focus-visible=true]:outline-offset-2 text-small gap-2 [&>svg]:max-w-[theme(spacing.8)] transition-transform-colors-opacity motion-reduce:transition-none data-[hover=true]:opacity-hover border-transparent font-semibold text-primary-200 p-0 min-w-4 h-4 md:h-[26px] md:min-w-[26px] bg-background-100 rounded-md"
                    type="button"
                  >
                    3
                  </button>
                </div>
              </td>
            </tr>
          </tbody>
        </table>
      </div>
    </div>
  </div>
</DocumentFragment>
`;
