// Jest Snapshot v1, https://goo.gl/fbAQLP

exports[`TransferItem should render correctly 1`] = `
<DocumentFragment>
  <div
    class="flex gap-4"
  >
    <span
      class="overflow-hidden outline-none rounded-full ring-offset-background dark:ring-offset-background-dark shrink-0 min-w-12 w-12 h-12 bg-undefined ring-offset-0 ring-0 false"
      data-testid="avatar-container"
      tabindex="-1"
    >
      <img
        alt=""
        class="aspect-square"
        data-nimg="1"
        decoding="async"
        fetchpriority="high"
        height="48"
        src="http://localhost/_next/image?url=%2Fimages%2Favatar-thumbnail.webp&w=96&q=75"
        srcset="/_next/image?url=%2Fimages%2Favatar-thumbnail.webp&w=48&q=75 1x, /_next/image?url=%2Fimages%2Favatar-thumbnail.webp&w=96&q=75 2x"
        style="color: transparent; object-fit: cover; background-size: cover; background-position: 50% 50%; background-repeat: no-repeat;"
        width="48"
      />
    </span>
    <div
      class="flex flex-1 flex-col gap-2"
    >
      <p
        class="text-[14px]/5 font-bold text-primary-200"
      />
      <p
        class="text-primary-200 font-medium text-xs"
      />
    </div>
    <p
      class="text-primary-200 text-xs font-bold my-auto"
    >
      a few seconds ago
    </p>
  </div>
</DocumentFragment>
`;
