// Jest Snapshot v1, https://goo.gl/fbAQLP

exports[`Avatar Component renders with default size (md) and without border 1`] = `
<div>
  <span
    class="box-border overflow-hidden outline-none rounded-full ring-offset-background dark:ring-offset-background-dark shrink-0 min-w-8 w-8 h-8 bg-undefined ring-offset-0 ring-0 false"
    tabindex="-1"
  >
    <img
      alt="UnavailableImage"
      class=""
      data-nimg="1"
      decoding="async"
      fetchpriority="high"
      height="48"
      src="http://localhost/"
      style="color: transparent; object-fit: cover;"
      width="48"
    />
  </span>
</div>
`;
